Microchip MPLAB XC8 Compiler V3.10

Linker command line:

-W-3 \
  --edf=/Applications/microchip/mplabx/v6.30/packs/Microchip/PIC16F1xxxx_DFP/1.29.444/xc8/pic/dat/20251218141021_en.msgs \
  -cn -h+dist/default/production/ROVER_ALL.X.production.sym \
  --cmf=dist/default/production/ROVER_ALL.X.production.cmf -z -Q16F18855 \
  -o/tmp/xcj5ZUoSg/driver_tmp_3.o --defsym=__MPLAB_BUILD=1 \
  --fixupoverflow=error \
  -Mdist/default/production/ROVER_ALL.X.production.map \
  --md=/tmp/xcj5ZUoSg/driver_tmp_0.dat -E1 -ver=XC8 Compiler \
  -ACODE=00h-07FFhx4 -ASTRCODE=00h-01FFFh -ASTRING=00h-0FFhx32 \
  -ACONST=00h-0FFhx32 -AENTRY=00h-0FFhx32 -ACOMMON=070h-07Fh \
  -ABANK0=020h-06Fh -ABANK1=0A0h-0EFh -ABANK2=0120h-016Fh \
  -ABANK3=01A0h-01EFh -ABANK4=0220h-026Fh -ABANK5=02A0h-02EFh \
  -ABANK6=0320h-036Fh -ABANK7=03A0h-03EFh -ABANK8=0420h-046Fh \
  -ABANK9=04A0h-04EFh -ABANK10=0520h-056Fh -ABANK11=05A0h-05EFh \
  -ABANK12=0620h-064Fh -ABIGRAM=02000h-023EFh \
  -ARAM=020h-06Fh,0A0h-0EFh,0120h-016Fh,01A0h-01EFh,0220h-026Fh,02A0h-02EFh,0320h-036Fh,03A0h-03EFh,0420h-046Fh,04A0h-04EFh,0520h-056Fh,05A0h-05EFh,0620h-064Fh \
  -AABS1=020h-07Fh,0A0h-0EFh,0120h-016Fh,01A0h-01EFh,0220h-026Fh,02A0h-02EFh,0320h-036Fh,03A0h-03EFh,0420h-046Fh,04A0h-04EFh,0520h-056Fh,05A0h-05EFh,0620h-064Fh \
  -ASFR0=00h-01Fh -ASFR1=080h-09Fh -ASFR2=0100h-011Fh -ASFR3=0180h-019Fh \
  -ASFR4=0200h-021Fh -ASFR5=0280h-029Fh -ASFR6=0300h-031Fh \
  -ASFR7=0380h-039Fh -ASFR8=0400h-041Fh -ASFR9=0480h-049Fh \
  -ASFR10=0500h-051Fh -ASFR11=0580h-059Fh -ASFR12=0600h-061Fh \
  -ASFR13=0680h-06EFh -ASFR14=0700h-076Fh -ASFR15=0780h-07EFh \
  -ASFR16=0800h-086Fh -ASFR17=0880h-08EFh -ASFR18=0900h-096Fh \
  -ASFR19=0980h-09EFh -ASFR20=0A00h-0A6Fh -ASFR21=0A80h-0AEFh \
  -ASFR22=0B00h-0B6Fh -ASFR23=0B80h-0BEFh -ASFR24=0C00h-0C6Fh \
  -ASFR25=0C80h-0CEFh -ASFR26=0D00h-0D6Fh -ASFR27=0D80h-0DEFh \
  -ASFR28=0E00h-0E6Fh -ASFR29=0E80h-0EEFh -ASFR30=0F00h-0F6Fh \
  -ASFR31=0F80h-0FEFh -ACONFIG=08007h-0800Bh -DCONFIG=2 \
  -AIDLOC=08000h-08003h -DIDLOC=2 -AEEDATA=00h-0FFh/0F000h \
  -peeprom_data=EEDATA -DEEDATA=2 -DCODE=2 -DSTRCODE=2 -DSTRING=2 -DCONST=2 \
  -DENTRY=2 -preset_vec=00h,intentry=04h,sivt,init,end_init -ppowerup=CODE \
  -pcinit=CODE -pfunctab=ENTRY -k /tmp/xcj5ZUoSg/driver_tmp_15.o \
  dist/default/production/ROVER_ALL.X.production.o 

Object code version is 3.11

Machine type is 16F18855



                Name                               Link     Load   Length Selector   Space Scale
/tmp/xcj5ZUoSg/driver_tmp_15.o
                end_init                             1E       1E        2        8       0
                reset_vec                             0        0        2        0       0
                config                             8007     8007        5        0       4
dist/default/production/ROVER_ALL.X.production.o
                cinit                                20       20       11        8       0
                intentry                              4        4       1A        8       0
                config                             8007     8007        5        0       4
                text19                              4A8      4A8       1B        8       0
                text18                              20A      20A       89        8       0
                text16                              42C      42C       22        8       0
                text15                              4EC      4EC        C        8       0
                text14                              48A      48A       1E        8       0
                text13                              4C3      4C3       19        8       0
                text12                              4FE      4FE        6        8       0
                text11                              4DC      4DC       10        8       0
                text10                              3A9      3A9       31        8       0
                text9                               161      161       A9        8       0
                text8                               293      293       5C        8       0
                text7                               375      375       34        8       0
                text6                                31       31      130        8       0
                text5                               407      407       25        8       0
                text4                               2EF      2EF       51        8       0
                text3                               46C      46C       1E        8       0
                text2                               44E      44E       1E        8       0
                text1                               340      340       35        8       0
                maintext                            3DA      3DA       2D        8       0
                cstackBANK0                          20       20       23       20       1
                cstackCOMMON                         75       75        5       70       1
                clrtext                             4F8      4F8        6        8       0
                bssBANK0                             43       43       1C       20       1
                bssCOMMON                            70       70        5       70       1

TOTAL           Name                               Link     Load   Length     Space
        CLASS   CODE           
                end_init                             1E       1E        2         0
                cinit                                20       20       11         0
                intentry                              4        4       1A         0
                reset_vec                             0        0        2         0
                text19                              4A8      4A8       1B         0
                text18                              20A      20A       89         0
                text16                              42C      42C       22         0
                text15                              4EC      4EC        C         0
                text14                              48A      48A       1E         0
                text13                              4C3      4C3       19         0
                text12                              4FE      4FE        6         0
                text11                              4DC      4DC       10         0
                text10                              3A9      3A9       31         0
                text9                               161      161       A9         0
                text8                               293      293       5C         0
                text7                               375      375       34         0
                text6                                31       31      130         0
                text5                               407      407       25         0
                text4                               2EF      2EF       51         0
                text3                               46C      46C       1E         0
                text2                               44E      44E       1E         0
                text1                               340      340       35         0
                maintext                            3DA      3DA       2D         0
                clrtext                             4F8      4F8        6         0

        CLASS   STRCODE        

        CLASS   STRING         

        CLASS   CONST          

        CLASS   ENTRY          

        CLASS   COMMON         
                cstackCOMMON                         75       75        5         1
                bssCOMMON                            70       70        5         1

        CLASS   BANK0          
                cstackBANK0                          20       20       23         1
                bssBANK0                             43       43       1C         1

        CLASS   BANK1          

        CLASS   BANK2          

        CLASS   BANK3          

        CLASS   BANK4          

        CLASS   BANK5          

        CLASS   BANK6          

        CLASS   BANK7          

        CLASS   BANK8          

        CLASS   BANK9          

        CLASS   BANK10         

        CLASS   BANK11         

        CLASS   BANK12         

        CLASS   BIGRAM         

        CLASS   RAM            

        CLASS   ABS1           
                abs_s1                               7E       7E        2         1

        CLASS   SFR0           

        CLASS   SFR1           

        CLASS   SFR2           

        CLASS   SFR3           

        CLASS   SFR4           

        CLASS   SFR5           

        CLASS   SFR6           

        CLASS   SFR7           

        CLASS   SFR8           

        CLASS   SFR9           

        CLASS   SFR10          

        CLASS   SFR11          

        CLASS   SFR12          

        CLASS   SFR13          

        CLASS   SFR14          

        CLASS   SFR15          

        CLASS   SFR16          

        CLASS   SFR17          

        CLASS   SFR18          

        CLASS   SFR19          

        CLASS   SFR20          

        CLASS   SFR21          

        CLASS   SFR22          

        CLASS   SFR23          

        CLASS   SFR24          

        CLASS   SFR25          

        CLASS   SFR26          

        CLASS   SFR27          

        CLASS   SFR28          

        CLASS   SFR29          

        CLASS   SFR30          

        CLASS   SFR31          

        CLASS   CONFIG         
                config                             8007     8007        5         4

        CLASS   IDLOC          

        CLASS   EEDATA         

        CLASS   BANK31         

        CLASS   BANK30         

        CLASS   BANK29         

        CLASS   BANK28         

        CLASS   BANK27         

        CLASS   BANK26         

        CLASS   BANK25         

        CLASS   BANK24         

        CLASS   BANK23         

        CLASS   BANK22         

        CLASS   BANK21         

        CLASS   BANK20         

        CLASS   BANK19         

        CLASS   BANK18         

        CLASS   BANK17         

        CLASS   BANK16         

        CLASS   BANK15         

        CLASS   BANK14         

        CLASS   BANK13         

        CLASS   HEAP           

        CLASS   STACK          



SEGMENTS        Name                           Load    Length   Top    Selector   Space  Class     Delta

                reset_vec                      000000  000002  000002         0       0  CODE        2
                cstackBANK0                    000020  00003F  00005F        20       1  BANK0       1
                intentry                       000004  000500  000504         8       0  CODE        2
                bssCOMMON                      000070  00000A  00007A        70       1  COMMON      1


UNUSED ADDRESS RANGES

        Name                Unused          Largest block    Delta
        BANK0            0005F-0006F              11           1
        BANK1            000A0-000EF              50           1
        BANK10           00520-0056F              50           1
        BANK11           005A0-005EF              50           1
        BANK12           00620-0064F              30           1
        BANK2            00120-0016F              50           1
        BANK3            001A0-001EF              50           1
        BANK4            00220-0026F              50           1
        BANK5            002A0-002EF              50           1
        BANK6            00320-0036F              50           1
        BANK7            003A0-003EF              50           1
        BANK8            00420-0046F              50           1
        BANK9            004A0-004EF              50           1
        BIGRAM           02000-023EF             3F0           1
        CODE             00002-00003               2           2
                         00504-01FFF             800
        COMMON           0007A-0007D               4           1
        CONST            00002-00003               2           2
                         00504-01FFF             100
        EEDATA           0F000-0F0FF             100           2
        ENTRY            00002-00003               2           2
                         00504-01FFF             100
        IDLOC            08000-08003               4           2
        RAM              0005F-0006F              11           1
                         000A0-000EF              50
                         00120-0016F              50
                         001A0-001EF              50
                         00220-0026F              50
                         002A0-002EF              50
                         00320-0036F              50
                         003A0-003EF              50
                         00420-0046F              50
                         004A0-004EF              50
                         00520-0056F              50
                         005A0-005EF              50
                         00620-0064F              30
        SFR0             00000-0001F              20           1
        SFR1             00080-0009F              20           1
        SFR10            00500-0051F              20           1
        SFR11            00580-0059F              20           1
        SFR12            00600-0061F              20           1
        SFR13            00680-006EF              70           1
        SFR14            00700-0076F              70           1
        SFR15            00780-007EF              70           1
        SFR16            00800-0086F              70           1
        SFR17            00880-008EF              70           1
        SFR18            00900-0096F              70           1
        SFR19            00980-009EF              70           1
        SFR2             00100-0011F              20           1
        SFR20            00A00-00A6F              70           1
        SFR21            00A80-00AEF              70           1
        SFR22            00B00-00B6F              70           1
        SFR23            00B80-00BEF              70           1
        SFR24            00C00-00C6F              70           1
        SFR25            00C80-00CEF              70           1
        SFR26            00D00-00D6F              70           1
        SFR27            00D80-00DEF              70           1
        SFR28            00E00-00E6F              70           1
        SFR29            00E80-00EEF              70           1
        SFR3             00180-0019F              20           1
        SFR30            00F00-00F6F              70           1
        SFR31            00F80-00FEF              70           1
        SFR4             00200-0021F              20           1
        SFR5             00280-0029F              20           1
        SFR6             00300-0031F              20           1
        SFR7             00380-0039F              20           1
        SFR8             00400-0041F              20           1
        SFR9             00480-0049F              20           1
        STRCODE          00002-00003               2           2
                         00504-01FFF            1AFC
        STRING           00002-00003               2           2
                         00504-01FFF             100

                                  Symbol Table

?___awdiv                          cstackBANK0  00020
ISR@byte                           cstackCOMMON 00079
_ADACQ                             (abs)        0009D
_ADC                               bssBANK0     00058
_ADCLKbits                         (abs)        00098
_ADCON0bits                        (abs)        00093
_ADPCH                             (abs)        0009E
_ADREFbits                         (abs)        0009A
_ADRESH                            (abs)        0008D
_ADRESL                            (abs)        0008C
_ANSELAbits                        (abs)        00F38
_ANSELBbits                        (abs)        00F43
_ANSELCbits                        (abs)        00F4E
_BAUD1CONbits                      (abs)        0011F
_INTCONbits                        (abs)        0000B
_ISR                               intentry     00004
_LATAbits                          (abs)        00016
_PIE3bits                          (abs)        00719
_PIR3bits                          (abs)        0070F
_PPSLOCK                           (abs)        00E8F
_PPSLOCKbits                       (abs)        00E8F
_RC1REG                            (abs)        00119
_RC1STAbits                        (abs)        0011D
_RC6PPS                            (abs)        00F26
_RXPPS                             (abs)        00ECB
_SP1BRGL                           (abs)        0011B
_TRISAbits                         (abs)        00011
_TRISBbits                         (abs)        00012
_TRISCbits                         (abs)        00013
_TX1REG                            (abs)        0011A
_TX1STAbits                        (abs)        0011E
__H__absolute__                    __absolute__ 00000
__Habs1                            abs1         00000
__Hbank0                           bank0        00000
__Hbank1                           bank1        00000
__Hbank10                          bank10       00000
__Hbank11                          bank11       00000
__Hbank12                          bank12       00000
__Hbank13                          bank13       00000
__Hbank14                          bank14       00000
__Hbank15                          bank15       00000
__Hbank16                          bank16       00000
__Hbank17                          bank17       00000
__Hbank18                          bank18       00000
__Hbank19                          bank19       00000
__Hbank2                           bank2        00000
__Hbank20                          bank20       00000
__Hbank21                          bank21       00000
__Hbank22                          bank22       00000
__Hbank23                          bank23       00000
__Hbank24                          bank24       00000
__Hbank25                          bank25       00000
__Hbank26                          bank26       00000
__Hbank27                          bank27       00000
__Hbank28                          bank28       00000
__Hbank29                          bank29       00000
__Hbank3                           bank3        00000
__Hbank30                          bank30       00000
__Hbank31                          bank31       00000
__Hbank4                           bank4        00000
__Hbank5                           bank5        00000
__Hbank6                           bank6        00000
__Hbank7                           bank7        00000
__Hbank8                           bank8        00000
__Hbank9                           bank9        00000
__Hbigram                          bigram       00000
__HbssBANK0                        bssBANK0     00000
__HbssCOMMON                       bssCOMMON    00000
__Hcinit                           cinit        00031
__Hclrtext                         clrtext      00000
__Hcode                            code         00000
__Hcommon                          common       00000
__Hconfig                          config       0800C
__HcstackBANK0                     cstackBANK0  00000
__HcstackCOMMON                    cstackCOMMON 00000
__Heeprom_data                     eeprom_data  00000
__Hend_init                        end_init     00020
__Hfunctab                         functab      00000
__Hheap                            heap         00000
__Hinit                            init         0001E
__Hintentry                        intentry     0001E
__Hmaintext                        maintext     00000
__Hpowerup                         powerup      00000
__Hram                             ram          00000
__Hreset_vec                       reset_vec    00002
__Hsfr0                            sfr0         00000
__Hsfr1                            sfr1         00000
__Hsfr10                           sfr10        00000
__Hsfr11                           sfr11        00000
__Hsfr12                           sfr12        00000
__Hsfr13                           sfr13        00000
__Hsfr14                           sfr14        00000
__Hsfr15                           sfr15        00000
__Hsfr16                           sfr16        00000
__Hsfr17                           sfr17        00000
__Hsfr18                           sfr18        00000
__Hsfr19                           sfr19        00000
__Hsfr2                            sfr2         00000
__Hsfr20                           sfr20        00000
__Hsfr21                           sfr21        00000
__Hsfr22                           sfr22        00000
__Hsfr23                           sfr23        00000
__Hsfr24                           sfr24        00000
__Hsfr25                           sfr25        00000
__Hsfr26                           sfr26        00000
__Hsfr27                           sfr27        00000
__Hsfr28                           sfr28        00000
__Hsfr29                           sfr29        00000
__Hsfr3                            sfr3         00000
__Hsfr30                           sfr30        00000
__Hsfr31                           sfr31        00000
__Hsfr4                            sfr4         00000
__Hsfr5                            sfr5         00000
__Hsfr6                            sfr6         00000
__Hsfr7                            sfr7         00000
__Hsfr8                            sfr8         00000
__Hsfr9                            sfr9         00000
__Hsivt                            sivt         0001E
__Hspace_0                         (abs)        00504
__Hspace_1                         (abs)        0007A
__Hspace_2                         (abs)        00000
__Hspace_3                         (abs)        00000
__Hspace_4                         (abs)        10013
__Hstack                           stack        00000
__Hstrings                         strings      00000
__Htext                            text         00000
__L__absolute__                    __absolute__ 00000
__Labs1                            abs1         00000
__Lbank0                           bank0        00000
__Lbank1                           bank1        00000
__Lbank10                          bank10       00000
__Lbank11                          bank11       00000
__Lbank12                          bank12       00000
__Lbank13                          bank13       00000
__Lbank14                          bank14       00000
__Lbank15                          bank15       00000
__Lbank16                          bank16       00000
__Lbank17                          bank17       00000
__Lbank18                          bank18       00000
__Lbank19                          bank19       00000
__Lbank2                           bank2        00000
__Lbank20                          bank20       00000
__Lbank21                          bank21       00000
__Lbank22                          bank22       00000
__Lbank23                          bank23       00000
__Lbank24                          bank24       00000
__Lbank25                          bank25       00000
__Lbank26                          bank26       00000
__Lbank27                          bank27       00000
__Lbank28                          bank28       00000
__Lbank29                          bank29       00000
__Lbank3                           bank3        00000
__Lbank30                          bank30       00000
__Lbank31                          bank31       00000
__Lbank4                           bank4        00000
__Lbank5                           bank5        00000
__Lbank6                           bank6        00000
__Lbank7                           bank7        00000
__Lbank8                           bank8        00000
__Lbank9                           bank9        00000
__Lbigram                          bigram       00000
__LbssBANK0                        bssBANK0     00000
__LbssCOMMON                       bssCOMMON    00000
__Lcinit                           cinit        00020
__Lclrtext                         clrtext      00000
__Lcode                            code         00000
__Lcommon                          common       00000
__Lconfig                          config       00000
__LcstackBANK0                     cstackBANK0  00000
__LcstackCOMMON                    cstackCOMMON 00000
__Leeprom_data                     eeprom_data  00000
__Lend_init                        end_init     0001E
__Lfunctab                         functab      00000
__Lheap                            heap         00000
__Linit                            init         0001E
__Lintentry                        intentry     00004
__Lmaintext                        maintext     00000
__Lpowerup                         powerup      00000
__Lram                             ram          00000
__Lreset_vec                       reset_vec    00000
__Lsfr0                            sfr0         00000
__Lsfr1                            sfr1         00000
__Lsfr10                           sfr10        00000
__Lsfr11                           sfr11        00000
__Lsfr12                           sfr12        00000
__Lsfr13                           sfr13        00000
__Lsfr14                           sfr14        00000
__Lsfr15                           sfr15        00000
__Lsfr16                           sfr16        00000
__Lsfr17                           sfr17        00000
__Lsfr18                           sfr18        00000
__Lsfr19                           sfr19        00000
__Lsfr2                            sfr2         00000
__Lsfr20                           sfr20        00000
__Lsfr21                           sfr21        00000
__Lsfr22                           sfr22        00000
__Lsfr23                           sfr23        00000
__Lsfr24                           sfr24        00000
__Lsfr25                           sfr25        00000
__Lsfr26                           sfr26        00000
__Lsfr27                           sfr27        00000
__Lsfr28                           sfr28        00000
__Lsfr29                           sfr29        00000
__Lsfr3                            sfr3         00000
__Lsfr30                           sfr30        00000
__Lsfr31                           sfr31        00000
__Lsfr4                            sfr4         00000
__Lsfr5                            sfr5         00000
__Lsfr6                            sfr6         00000
__Lsfr7                            sfr7         00000
__Lsfr8                            sfr8         00000
__Lsfr9                            sfr9         00000
__Lsivt                            sivt         0001E
__Lspace_0                         (abs)        00000
__Lspace_1                         (abs)        00000
__Lspace_2                         (abs)        00000
__Lspace_3                         (abs)        00000
__Lspace_4                         (abs)        00000
__Lstack                           stack        00000
__Lstrings                         strings      00000
__Ltext                            text         00000
__S0                               (abs)        00504
__S1                               (abs)        0007A
__S3                               (abs)        00000
___awdiv                           text8        00293
___awdiv@counter                   cstackBANK0  00024
___awdiv@dividend                  cstackBANK0  00022
___awdiv@divisor                   cstackBANK0  00020
___awdiv@quotient                  cstackBANK0  00026
___awdiv@sign                      cstackBANK0  00025
___heap_hi                         (abs)        00000
___heap_lo                         (abs)        00000
___int_sp                          stack        00000
___int_stack_hi                    stack        00000
___int_stack_lo                    stack        00000
___latbits                         (abs)        00002
___sp                              stack        00000
___stack_hi                        stack        00000
___stack_lo                        stack        00000
___stackhi                         (abs)        00000
___stacklo                         (abs)        00000
__end_of_ISR                       intentry     0001E
__end_of___awdiv                   text8        002EF
__end_of__initialization           cinit        0002D
__end_of_comms_init                text16       0044E
__end_of_comms_send_color_info     text5        0042C
__end_of_comms_send_get_data       text14       004A8
__end_of_comms_send_mag_info       text10       003DA
__end_of_comms_send_move           text7        003A9
__end_of_gpio_init                 text11       004EC
__end_of_handle_message_complete   text19       004C3
__end_of_magnet_init               text13       004DC
__end_of_magnetic_parse_502        text9        0020A
__end_of_main                      maintext     00407
__end_of_movement_parse_502        text6        00161
__end_of_ore_process_parse_502     text4        00340
__end_of_output_servo_pulse        text2        0046C
__end_of_process_byte              text18       00293
__end_of_push_byte                 text15       004F8
__end_of_solar_parse_502           text3        0048A
__end_of_stockpile_init            text12       00504
__end_of_stockpile_parse_502       text1        00375
__initialization                   cinit        00020
__pbssBANK0                        bssBANK0     00043
__pbssCOMMON                       bssCOMMON    00070
__pcstackBANK0                     cstackBANK0  00020
__pcstackCOMMON                    cstackCOMMON 00075
__pintentry                        intentry     00004
__pmaintext                        maintext     003DA
__ptext1                           text1        00340
__ptext10                          text10       003A9
__ptext11                          text11       004DC
__ptext12                          text12       004FE
__ptext13                          text13       004C3
__ptext14                          text14       0048A
__ptext15                          text15       004EC
__ptext16                          text16       0042C
__ptext18                          text18       0020A
__ptext19                          text19       004A8
__ptext2                           text2        0044E
__ptext3                           text3        0046C
__ptext4                           text4        002EF
__ptext5                           text5        00407
__ptext6                           text6        00031
__ptext7                           text7        00375
__ptext8                           text8        00293
__ptext9                           text9        00161
_comms_init                        text16       0042C
_comms_new_402                     bssCOMMON    00074
_comms_new_502                     bssCOMMON    00073
_comms_payload                     bssBANK0     00043
_comms_send_color_info             text5        00407
_comms_send_get_data               text14       0048A
_comms_send_mag_info               text10       003A9
_comms_send_move                   text7        00375
_gpio_init                         text11       004DC
_handle_message_complete           text19       004A8
_magnet_init                       text13       004C3
_magnetic_parse_502                text9        00161
_main                              maintext     003DA
_movement_parse_502                text6        00031
_msg_id                            bssBANK0     0005C
_ore_process_parse_502             text4        002EF
_output_servo_pulse                text2        0044E
_payload_length                    bssCOMMON    00070
_payload_received                  bssBANK0     0005A
_process_byte                      text18       0020A
_push_byte                         text15       004EC
_solar_parse_502                   text3        0046C
_state                             bssCOMMON    00072
_stockpile_init                    text12       004FE
_stockpile_parse_502               text1        00340
btemp                              (abs)        0007E
btemp0                             (abs)        0007E
btemp1                             (abs)        0007F
clear_ram0                         clrtext      004F8
comms_send_color_info@color        cstackBANK0  00021
comms_send_mag_info@pyramid_num    cstackBANK0  00021
comms_send_move@dirA               cstackBANK0  00024
comms_send_move@dirB               cstackBANK0  00022
comms_send_move@speedA             cstackBANK0  00021
comms_send_move@speedB             cstackBANK0  00023
end_of_initialization              cinit        0002D
int$flags                          (abs)        0007E
intlevel0                          functab      00000
intlevel1                          functab      00000
intlevel2                          functab      00000
intlevel3                          functab      00000
intlevel4                          functab      00000
intlevel5                          functab      00000
ltemp0a                            (abs)        00080
magnetic_parse_502@flag            cstackBANK0  00027
magnetic_parse_502@pyramid_num     cstackBANK0  00029
magnetic_parse_502@pyramid_num_raw cstackBANK0  0002A
movement_parse_502@Raw_X_Axis      cstackBANK0  0002D
movement_parse_502@Raw_Y_Axis      cstackBANK0  0002F
movement_parse_502@X_Centered      cstackBANK0  00039
movement_parse_502@Y_Centered      cstackBANK0  0003B
movement_parse_502@dirA            cstackBANK0  00031
movement_parse_502@dirB            cstackBANK0  00033
movement_parse_502@left            cstackBANK0  0003D
movement_parse_502@right           cstackBANK0  0003F
movement_parse_502@speedA          cstackBANK0  00032
movement_parse_502@speedB          cstackBANK0  00034
movement_parse_502@steering        cstackBANK0  00037
movement_parse_502@throttle        cstackBANK0  00035
ore_process_parse_502@color        cstackBANK0  00027
ore_process_parse_502@color_raw    cstackBANK0  0002A
ore_process_parse_502@flag         cstackBANK0  00028
output_servo_pulse@flap_up         cstackBANK0  00021
process_byte@byte                  cstackCOMMON 00078
push_byte@byte                     cstackBANK0  00020
reset_vec                          reset_vec    00000
solar_parse_502@Raw_SW_A           cstackBANK0  00025
start                              init         0001E
start_initialization               cinit        00020
stockpile_parse_502@flap_up        bssBANK0     0005E
stockpile_parse_502@new_flap_up    cstackBANK0  00029
stockpile_parse_502@raw            cstackBANK0  00027
ttemp0a                            (abs)        0007F
wtemp0                             (abs)        0007E
wtemp0a                            (abs)        0007F


MODULE INFORMATION

Module		Function		Class		Link	Load	Size
../main.c
		_main          		CODE           	03DA	0000	45
		_gpio_init     		CODE           	04DC	0000	16

../main.c estimated size: 61

../movement.c
		_movement_parse_502		CODE           	0031	0000	304

../movement.c estimated size: 304

/Applications/microchip/xc8/v3.10/pic/sources/c99/common/awdiv.c
		___awdiv       		CODE           	0293	0000	92

/Applications/microchip/xc8/v3.10/pic/sources/c99/common/awdiv.c estimated size: 92

../ore_stockpile.c
		_stockpile_parse_502		CODE           	0340	0000	53
		_output_servo_pulse		CODE           	044E	0000	30
		_stockpile_init		CODE           	04FE	0000	6

../ore_stockpile.c estimated size: 89

../task_magnetic.c
		_magnetic_parse_502		CODE           	0161	0000	169
		_magnet_init   		CODE           	04C3	0000	25

../task_magnetic.c estimated size: 194

shared
		__initialization		CODE           	0020	0000	13

shared estimated size: 13

../comms.c
		_process_byte  		CODE           	020A	0000	137
		_ISR           		CODE           	0004	0000	26
		_comms_send_color_info		CODE           	0407	0000	37
		_comms_init    		CODE           	042C	0000	34
		_comms_send_mag_info		CODE           	03A9	0000	49
		_comms_send_move		CODE           	0375	0000	52
		_handle_message_complete		CODE           	04A8	0000	27
		_comms_send_get_data		CODE           	048A	0000	30
		_push_byte     		CODE           	04EC	0000	12

../comms.c estimated size: 404

../ore_process.c
		_ore_process_parse_502		CODE           	02EF	0000	81

../ore_process.c estimated size: 81

../task_solar.c
		_solar_parse_502		CODE           	046C	0000	30

../task_solar.c estimated size: 30

