Microchip MPLAB XC8 Compiler V3.10

Linker command line:

-W-3 \
  --edf=/Users/kabillamond/.mchp_packs/Microchip/PIC16F1xxxx_DFP/1.29.444/xc8/pic/dat/20251218141021_en.msgs \
  -cn \
  -h+/Users/kabillamond/Library/CloudStorage/OneDrive-UniversityofNewBrunswick/Winter 26/Embeded (ECE-3232)/BIGGER_DAWG_ROVER/out/ROVER_ALL/default.sym \
  --cmf=/Users/kabillamond/Library/CloudStorage/OneDrive-UniversityofNewBrunswick/Winter 26/Embeded (ECE-3232)/BIGGER_DAWG_ROVER/out/ROVER_ALL/default.cmf \
  -z -Q16F18855 -o/tmp/xcAOIn0Hw/driver_tmp_3.o --defsym=__MPLAB_BUILD=1 \
  --fixupoverflow=error -Mmem.map --md=/tmp/xcAOIn0Hw/driver_tmp_0.dat -E1 \
  -ver=XC8 Compiler -ACODE=00h-07FFhx4 -ASTRCODE=00h-01FFFh \
  -ASTRING=00h-0FFhx32 -ACONST=00h-0FFhx32 -AENTRY=00h-0FFhx32 \
  -ACOMMON=070h-07Fh -ABANK0=020h-06Fh -ABANK1=0A0h-0EFh \
  -ABANK2=0120h-016Fh -ABANK3=01A0h-01EFh -ABANK4=0220h-026Fh \
  -ABANK5=02A0h-02EFh -ABANK6=0320h-036Fh -ABANK7=03A0h-03EFh \
  -ABANK8=0420h-046Fh -ABANK9=04A0h-04EFh -ABANK10=0520h-056Fh \
  -ABANK11=05A0h-05EFh -ABANK12=0620h-064Fh -ABIGRAM=02000h-023EFh \
  -ARAM=020h-06Fh,0A0h-0EFh,0120h-016Fh,01A0h-01EFh,0220h-026Fh,02A0h-02EFh,0320h-036Fh,03A0h-03EFh,0420h-046Fh,04A0h-04EFh,0520h-056Fh,05A0h-05EFh,0620h-064Fh \
  -AABS1=020h-07Fh,0A0h-0EFh,0120h-016Fh,01A0h-01EFh,0220h-026Fh,02A0h-02EFh,0320h-036Fh,03A0h-03EFh,0420h-046Fh,04A0h-04EFh,0520h-056Fh,05A0h-05EFh,0620h-064Fh \
  -ASFR0=00h-01Fh -ASFR1=080h-09Fh -ASFR2=0100h-011Fh -ASFR3=0180h-019Fh \
  -ASFR4=0200h-021Fh -ASFR5=0280h-029Fh -ASFR6=0300h-031Fh \
  -ASFR7=0380h-039Fh -ASFR8=0400h-041Fh -ASFR9=0480h-049Fh \
  -ASFR10=0500h-051Fh -ASFR11=0580h-059Fh -ASFR12=0600h-061Fh \
  -ASFR13=0680h-06EFh -ASFR14=0700h-076Fh -ASFR15=0780h-07EFh \
  -ASFR16=0800h-086Fh -ASFR17=0880h-08EFh -ASFR18=0900h-096Fh \
  -ASFR19=0980h-09EFh -ASFR20=0A00h-0A6Fh -ASFR21=0A80h-0AEFh \
  -ASFR22=0B00h-0B6Fh -ASFR23=0B80h-0BEFh -ASFR24=0C00h-0C6Fh \
  -ASFR25=0C80h-0CEFh -ASFR26=0D00h-0D6Fh -ASFR27=0D80h-0DEFh \
  -ASFR28=0E00h-0E6Fh -ASFR29=0E80h-0EEFh -ASFR30=0F00h-0F6Fh \
  -ASFR31=0F80h-0FEFh -ACONFIG=08007h-0800Bh -DCONFIG=2 \
  -AIDLOC=08000h-08003h -DIDLOC=2 -AEEDATA=00h-0FFh/0F000h \
  -peeprom_data=EEDATA -DEEDATA=2 -DCODE=2 -DSTRCODE=2 -DSTRING=2 -DCONST=2 \
  -DENTRY=2 -preset_vec=00h,intentry=04h,sivt,init,end_init -ppowerup=CODE \
  -pcinit=CODE -pfunctab=ENTRY -k /tmp/xcAOIn0Hw/driver_tmp_15.o \
  /Users/kabillamond/Library/CloudStorage/OneDrive-UniversityofNewBrunswick/Winter 26/Embeded (ECE-3232)/BIGGER_DAWG_ROVER/out/ROVER_ALL/default.o 

Object code version is 3.11

Machine type is 16F18855



                Name                               Link     Load   Length Selector   Space Scale
/tmp/xcAOIn0Hw/driver_tmp_15.o
                end_init                             26       26        2        8       0
                reset_vec                             0        0        2        0       0
                config                             8007     8007        5        0       4
/Users/kabillamond/Library/CloudStorage/OneDrive-UniversityofNewBrunswick/Winter 26/Embeded (ECE-3232)/BIGGER_DAWG_ROVER/out/ROVER_ALL/default.o
                cinit                                28       28       29        8       0
                intentry                              4        4       22        8       0
                config                             8007     8007        5        0       4
                text25                              7C0      7C0       25        8       0
                text24                              7E5      7E5       1B        8       0
                text23                              50B      50B       8A        8       0
                text21                              FBB      FBB       22     1F76       0
                text20                              F38      F38        C     1E70       0
                text19                              F9D      F9D       1E     1F3A       0
                text18                              F57      F57       17     1EAE       0
                text17                              F85      F85       18     1F0A       0
                text16                              F2C      F2C        6     1E58       0
                text15                              F44      F44       13     1E88       0
                text14                              73B      73B       31        8       0
                text13                              397      397       D8        8       0
                text12                              66A      66A       5C        8       0
                text11                              707      707       34        8       0
                text10                              260      260      137        8       0
                text9                               79B      79B       25        8       0
                text8                               595      595       6B        8       0
                text7                               6C6      6C6       41        8       0
                text6                               FDD      FDD       23     1FBA       0
                text5                               76C      76C       2F        8       0
                text4                               F6E      F6E       17     1EDC       0
                text3                               46F      46F       9C        8       0
                text2                                51       51      20F        8       0
                text1                               F24      F24        4     1E48       0
                maintext                            600      600       6A        8       0
                cstackBANK0                          20       20       2A       20       1
                cstackCOMMON                         75       75        5       70       1
                clrtext                             F32      F32        6     1E64       0
                bssBANK1                             A0       A0       15       A0       1
                dataBANK0                            5E       5E        4       20       1
                bssBANK0                             4A       4A       14       20       1
                bssCOMMON                            70       70        5       70       1
                idataBANK0                          F28      F28        4     1E50       0

TOTAL           Name                               Link     Load   Length     Space
        CLASS   CODE           
                end_init                             26       26        2         0
                cinit                                28       28       29         0
                intentry                              4        4       22         0
                reset_vec                             0        0        2         0
                text25                              7C0      7C0       25         0
                text24                              7E5      7E5       1B         0
                text23                              50B      50B       8A         0
                text21                              FBB      FBB       22         0
                text20                              F38      F38        C         0
                text19                              F9D      F9D       1E         0
                text18                              F57      F57       17         0
                text17                              F85      F85       18         0
                text16                              F2C      F2C        6         0
                text15                              F44      F44       13         0
                text14                              73B      73B       31         0
                text13                              397      397       D8         0
                text12                              66A      66A       5C         0
                text11                              707      707       34         0
                text10                              260      260      137         0
                text9                               79B      79B       25         0
                text8                               595      595       6B         0
                text7                               6C6      6C6       41         0
                text6                               FDD      FDD       23         0
                text5                               76C      76C       2F         0
                text4                               F6E      F6E       17         0
                text3                               46F      46F       9C         0
                text2                                51       51      20F         0
                text1                               F24      F24        4         0
                maintext                            600      600       6A         0
                clrtext                             F32      F32        6         0
                idataBANK0                          F28      F28        4         0

        CLASS   STRCODE        

        CLASS   STRING         

        CLASS   CONST          

        CLASS   ENTRY          

        CLASS   COMMON         
                cstackCOMMON                         75       75        5         1
                bssCOMMON                            70       70        5         1

        CLASS   BANK0          
                cstackBANK0                          20       20       2A         1
                dataBANK0                            5E       5E        4         1
                bssBANK0                             4A       4A       14         1

        CLASS   BANK1          
                bssBANK1                             A0       A0       15         1

        CLASS   BANK2          

        CLASS   BANK3          

        CLASS   BANK4          

        CLASS   BANK5          

        CLASS   BANK6          

        CLASS   BANK7          

        CLASS   BANK8          

        CLASS   BANK9          

        CLASS   BANK10         

        CLASS   BANK11         

        CLASS   BANK12         

        CLASS   BIGRAM         

        CLASS   RAM            

        CLASS   ABS1           
                abs_s1                               7E       7E        2         1

        CLASS   SFR0           

        CLASS   SFR1           

        CLASS   SFR2           

        CLASS   SFR3           

        CLASS   SFR4           

        CLASS   SFR5           

        CLASS   SFR6           

        CLASS   SFR7           

        CLASS   SFR8           

        CLASS   SFR9           

        CLASS   SFR10          

        CLASS   SFR11          

        CLASS   SFR12          

        CLASS   SFR13          

        CLASS   SFR14          

        CLASS   SFR15          

        CLASS   SFR16          

        CLASS   SFR17          

        CLASS   SFR18          

        CLASS   SFR19          

        CLASS   SFR20          

        CLASS   SFR21          

        CLASS   SFR22          

        CLASS   SFR23          

        CLASS   SFR24          

        CLASS   SFR25          

        CLASS   SFR26          

        CLASS   SFR27          

        CLASS   SFR28          

        CLASS   SFR29          

        CLASS   SFR30          

        CLASS   SFR31          

        CLASS   CONFIG         
                config                             8007     8007        5         4

        CLASS   IDLOC          

        CLASS   EEDATA         

        CLASS   BANK31         

        CLASS   BANK30         

        CLASS   BANK29         

        CLASS   BANK28         

        CLASS   BANK27         

        CLASS   BANK26         

        CLASS   BANK25         

        CLASS   BANK24         

        CLASS   BANK23         

        CLASS   BANK22         

        CLASS   BANK21         

        CLASS   BANK20         

        CLASS   BANK19         

        CLASS   BANK18         

        CLASS   BANK17         

        CLASS   BANK16         

        CLASS   BANK15         

        CLASS   BANK14         

        CLASS   BANK13         

        CLASS   HEAP           

        CLASS   STACK          



SEGMENTS        Name                           Load    Length   Top    Selector   Space  Class     Delta

                text4                          000F6E  000017  000F85      1EDC       0  CODE        2
                text18                         000F57  000017  000F6E      1EAE       0  CODE        2
                reset_vec                      000000  000002  000002         0       0  CODE        2
                text17                         000F85  000018  000F9D      1F0A       0  CODE        2
                text19                         000F9D  00001E  000FBB      1F3A       0  CODE        2
                text15                         000F44  000013  000F57      1E88       0  CODE        2
                text20                         000F38  00000C  000F44      1E70       0  CODE        2
                text21                         000FBB  000022  000FDD      1F76       0  CODE        2
                text6                          000FDD  000023  001000      1FBA       0  CODE        2
                idataBANK0                     000F28  000004  000F2C      1E50       0  CODE        2
                text1                          000F24  000004  000F28      1E48       0  CODE        2
                clrtext                        000F32  000006  000F38      1E64       0  CODE        2
                text16                         000F2C  000006  000F32      1E58       0  CODE        2
                cstackBANK0                    000020  000042  000062        20       1  BANK0       1
                bssCOMMON                      000070  00000A  00007A        70       1  COMMON      1
                intentry                       000004  0007FC  000800         8       0  CODE        2
                bssBANK1                       0000A0  000015  0000B5        A0       1  BANK1       1


UNUSED ADDRESS RANGES

        Name                Unused          Largest block    Delta
        BANK0            00062-0006F               E           1
        BANK1            000B5-000EF              3B           1
        BANK10           00520-0056F              50           1
        BANK11           005A0-005EF              50           1
        BANK12           00620-0064F              30           1
        BANK2            00120-0016F              50           1
        BANK3            001A0-001EF              50           1
        BANK4            00220-0026F              50           1
        BANK5            002A0-002EF              50           1
        BANK6            00320-0036F              50           1
        BANK7            003A0-003EF              50           1
        BANK8            00420-0046F              50           1
        BANK9            004A0-004EF              50           1
        BIGRAM           02000-023EF             3F0           1
        CODE             00002-00003               2           2
                         00800-00F23             724
                         01000-01FFF             800
        COMMON           0007A-0007D               4           1
        CONST            00002-00003               2           2
                         00800-00F23             100
                         01000-01FFF             100
        EEDATA           0F000-0F0FF             100           2
        ENTRY            00002-00003               2           2
                         00800-00F23             100
                         01000-01FFF             100
        IDLOC            08000-08003               4           2
        RAM              00062-0006F               E           1
                         000B5-000EF              3B
                         00120-0016F              50
                         001A0-001EF              50
                         00220-0026F              50
                         002A0-002EF              50
                         00320-0036F              50
                         003A0-003EF              50
                         00420-0046F              50
                         004A0-004EF              50
                         00520-0056F              50
                         005A0-005EF              50
                         00620-0064F              30
        SFR0             00000-0001F              20           1
        SFR1             00080-0009F              20           1
        SFR10            00500-0051F              20           1
        SFR11            00580-0059F              20           1
        SFR12            00600-0061F              20           1
        SFR13            00680-006EF              70           1
        SFR14            00700-0076F              70           1
        SFR15            00780-007EF              70           1
        SFR16            00800-0086F              70           1
        SFR17            00880-008EF              70           1
        SFR18            00900-0096F              70           1
        SFR19            00980-009EF              70           1
        SFR2             00100-0011F              20           1
        SFR20            00A00-00A6F              70           1
        SFR21            00A80-00AEF              70           1
        SFR22            00B00-00B6F              70           1
        SFR23            00B80-00BEF              70           1
        SFR24            00C00-00C6F              70           1
        SFR25            00C80-00CEF              70           1
        SFR26            00D00-00D6F              70           1
        SFR27            00D80-00DEF              70           1
        SFR28            00E00-00E6F              70           1
        SFR29            00E80-00EEF              70           1
        SFR3             00180-0019F              20           1
        SFR30            00F00-00F6F              70           1
        SFR31            00F80-00FEF              70           1
        SFR4             00200-0021F              20           1
        SFR5             00280-0029F              20           1
        SFR6             00300-0031F              20           1
        SFR7             00380-0039F              20           1
        SFR8             00400-0041F              20           1
        SFR9             00480-0049F              20           1
        STRCODE          00002-00003               2           2
                         00800-00F23             724
                         01000-01FFF            1000
        STRING           00002-00003               2           2
                         00800-00F23             100
                         01000-01FFF             100

                                  Symbol Table

?___awdiv                          cstackBANK0  00020
?_adc_read                         cstackBANK0  00020
ISR@byte                           cstackCOMMON 00079
_ADACQ                             (abs)        0009D
_ADC                               bssBANK0     0004C
_ADCLKbits                         (abs)        00098
_ADCON0bits                        (abs)        00093
_ADPCH                             (abs)        0009E
_ADREFbits                         (abs)        0009A
_ADRESH                            (abs)        0008D
_ADRESL                            (abs)        0008C
_ANSELAbits                        (abs)        00F38
_ANSELBbits                        (abs)        00F43
_ANSELCbits                        (abs)        00F4E
_BAUD1CONbits                      (abs)        0011F
_INTCONbits                        (abs)        0000B
_ISR                               intentry     00004
_LATAbits                          (abs)        00016
_LATCbits                          (abs)        00018
_ODCONCbits                        (abs)        00F50
_PIE3bits                          (abs)        00719
_PIE4bits                          (abs)        0071A
_PIR3bits                          (abs)        0070F
_PIR4bits                          (abs)        00710
_PORTCbits                         (abs)        0000E
_PPSLOCK                           (abs)        00E8F
_PPSLOCKbits                       (abs)        00E8F
_PR2                               (abs)        0028D
_RC1REG                            (abs)        00119
_RC1STAbits                        (abs)        0011D
_RC6PPS                            (abs)        00F26
_RXPPS                             (abs)        00ECB
_SP1BRGL                           (abs)        0011B
_T2CLKCON                          (abs)        00290
_T2CONbits                         (abs)        0028E
_TRISAbits                         (abs)        00011
_TRISBbits                         (abs)        00012
_TRISCbits                         (abs)        00013
_TX1REG                            (abs)        0011A
_TX1STAbits                        (abs)        0011E
__H__absolute__                    __absolute__ 00000
__Habs1                            abs1         00000
__Hbank0                           bank0        00000
__Hbank1                           bank1        00000
__Hbank10                          bank10       00000
__Hbank11                          bank11       00000
__Hbank12                          bank12       00000
__Hbank13                          bank13       00000
__Hbank14                          bank14       00000
__Hbank15                          bank15       00000
__Hbank16                          bank16       00000
__Hbank17                          bank17       00000
__Hbank18                          bank18       00000
__Hbank19                          bank19       00000
__Hbank2                           bank2        00000
__Hbank20                          bank20       00000
__Hbank21                          bank21       00000
__Hbank22                          bank22       00000
__Hbank23                          bank23       00000
__Hbank24                          bank24       00000
__Hbank25                          bank25       00000
__Hbank26                          bank26       00000
__Hbank27                          bank27       00000
__Hbank28                          bank28       00000
__Hbank29                          bank29       00000
__Hbank3                           bank3        00000
__Hbank30                          bank30       00000
__Hbank31                          bank31       00000
__Hbank4                           bank4        00000
__Hbank5                           bank5        00000
__Hbank6                           bank6        00000
__Hbank7                           bank7        00000
__Hbank8                           bank8        00000
__Hbank9                           bank9        00000
__Hbigram                          bigram       00000
__HbssBANK0                        bssBANK0     00000
__HbssBANK1                        bssBANK1     00000
__HbssCOMMON                       bssCOMMON    00000
__Hcinit                           cinit        00051
__Hclrtext                         clrtext      00000
__Hcode                            code         00000
__Hcommon                          common       00000
__Hconfig                          config       0800C
__HcstackBANK0                     cstackBANK0  00000
__HcstackCOMMON                    cstackCOMMON 00000
__HdataBANK0                       dataBANK0    00000
__Heeprom_data                     eeprom_data  00000
__Hend_init                        end_init     00028
__Hfunctab                         functab      00000
__Hheap                            heap         00000
__HidataBANK0                      idataBANK0   00000
__Hinit                            init         00026
__Hintentry                        intentry     00026
__Hmaintext                        maintext     00000
__Hpowerup                         powerup      00000
__Hram                             ram          00000
__Hreset_vec                       reset_vec    00002
__Hsfr0                            sfr0         00000
__Hsfr1                            sfr1         00000
__Hsfr10                           sfr10        00000
__Hsfr11                           sfr11        00000
__Hsfr12                           sfr12        00000
__Hsfr13                           sfr13        00000
__Hsfr14                           sfr14        00000
__Hsfr15                           sfr15        00000
__Hsfr16                           sfr16        00000
__Hsfr17                           sfr17        00000
__Hsfr18                           sfr18        00000
__Hsfr19                           sfr19        00000
__Hsfr2                            sfr2         00000
__Hsfr20                           sfr20        00000
__Hsfr21                           sfr21        00000
__Hsfr22                           sfr22        00000
__Hsfr23                           sfr23        00000
__Hsfr24                           sfr24        00000
__Hsfr25                           sfr25        00000
__Hsfr26                           sfr26        00000
__Hsfr27                           sfr27        00000
__Hsfr28                           sfr28        00000
__Hsfr29                           sfr29        00000
__Hsfr3                            sfr3         00000
__Hsfr30                           sfr30        00000
__Hsfr31                           sfr31        00000
__Hsfr4                            sfr4         00000
__Hsfr5                            sfr5         00000
__Hsfr6                            sfr6         00000
__Hsfr7                            sfr7         00000
__Hsfr8                            sfr8         00000
__Hsfr9                            sfr9         00000
__Hsivt                            sivt         00026
__Hspace_0                         (abs)        01000
__Hspace_1                         (abs)        000B5
__Hspace_2                         (abs)        00000
__Hspace_3                         (abs)        00000
__Hspace_4                         (abs)        10013
__Hstack                           stack        00000
__Hstrings                         strings      00000
__Htext                            text         00000
__L__absolute__                    __absolute__ 00000
__Labs1                            abs1         00000
__Lbank0                           bank0        00000
__Lbank1                           bank1        00000
__Lbank10                          bank10       00000
__Lbank11                          bank11       00000
__Lbank12                          bank12       00000
__Lbank13                          bank13       00000
__Lbank14                          bank14       00000
__Lbank15                          bank15       00000
__Lbank16                          bank16       00000
__Lbank17                          bank17       00000
__Lbank18                          bank18       00000
__Lbank19                          bank19       00000
__Lbank2                           bank2        00000
__Lbank20                          bank20       00000
__Lbank21                          bank21       00000
__Lbank22                          bank22       00000
__Lbank23                          bank23       00000
__Lbank24                          bank24       00000
__Lbank25                          bank25       00000
__Lbank26                          bank26       00000
__Lbank27                          bank27       00000
__Lbank28                          bank28       00000
__Lbank29                          bank29       00000
__Lbank3                           bank3        00000
__Lbank30                          bank30       00000
__Lbank31                          bank31       00000
__Lbank4                           bank4        00000
__Lbank5                           bank5        00000
__Lbank6                           bank6        00000
__Lbank7                           bank7        00000
__Lbank8                           bank8        00000
__Lbank9                           bank9        00000
__Lbigram                          bigram       00000
__LbssBANK0                        bssBANK0     00000
__LbssBANK1                        bssBANK1     00000
__LbssCOMMON                       bssCOMMON    00000
__Lcinit                           cinit        00028
__Lclrtext                         clrtext      00000
__Lcode                            code         00000
__Lcommon                          common       00000
__Lconfig                          config       00000
__LcstackBANK0                     cstackBANK0  00000
__LcstackCOMMON                    cstackCOMMON 00000
__LdataBANK0                       dataBANK0    00000
__Leeprom_data                     eeprom_data  00000
__Lend_init                        end_init     00026
__Lfunctab                         functab      00000
__Lheap                            heap         00000
__LidataBANK0                      idataBANK0   00000
__Linit                            init         00026
__Lintentry                        intentry     00004
__Lmaintext                        maintext     00000
__Lpowerup                         powerup      00000
__Lram                             ram          00000
__Lreset_vec                       reset_vec    00000
__Lsfr0                            sfr0         00000
__Lsfr1                            sfr1         00000
__Lsfr10                           sfr10        00000
__Lsfr11                           sfr11        00000
__Lsfr12                           sfr12        00000
__Lsfr13                           sfr13        00000
__Lsfr14                           sfr14        00000
__Lsfr15                           sfr15        00000
__Lsfr16                           sfr16        00000
__Lsfr17                           sfr17        00000
__Lsfr18                           sfr18        00000
__Lsfr19                           sfr19        00000
__Lsfr2                            sfr2         00000
__Lsfr20                           sfr20        00000
__Lsfr21                           sfr21        00000
__Lsfr22                           sfr22        00000
__Lsfr23                           sfr23        00000
__Lsfr24                           sfr24        00000
__Lsfr25                           sfr25        00000
__Lsfr26                           sfr26        00000
__Lsfr27                           sfr27        00000
__Lsfr28                           sfr28        00000
__Lsfr29                           sfr29        00000
__Lsfr3                            sfr3         00000
__Lsfr30                           sfr30        00000
__Lsfr31                           sfr31        00000
__Lsfr4                            sfr4         00000
__Lsfr5                            sfr5         00000
__Lsfr6                            sfr6         00000
__Lsfr7                            sfr7         00000
__Lsfr8                            sfr8         00000
__Lsfr9                            sfr9         00000
__Lsivt                            sivt         00026
__Lspace_0                         (abs)        00000
__Lspace_1                         (abs)        00000
__Lspace_2                         (abs)        00000
__Lspace_3                         (abs)        00000
__Lspace_4                         (abs)        00000
__Lstack                           stack        00000
__Lstrings                         strings      00000
__Ltext                            text         00000
__S0                               (abs)        01000
__S1                               (abs)        000B5
__S3                               (abs)        00000
___awdiv                           text12       0066A
___awdiv@counter                   cstackBANK0  00024
___awdiv@dividend                  cstackBANK0  00022
___awdiv@divisor                   cstackBANK0  00020
___awdiv@quotient                  cstackBANK0  00026
___awdiv@sign                      cstackBANK0  00025
___heap_hi                         (abs)        00000
___heap_lo                         (abs)        00000
___int_sp                          stack        00000
___int_stack_hi                    stack        00000
___int_stack_lo                    stack        00000
___latbits                         (abs)        00002
___sp                              stack        00000
___stack_hi                        stack        00000
___stack_lo                        stack        00000
___stackhi                         (abs)        00000
___stacklo                         (abs)        00000
__end_of_ISR                       intentry     00026
__end_of___awdiv                   text12       006C6
__end_of__initialization           cinit        0004D
__end_of_adc_read                  text4        00F85
__end_of_comms_init                text21       00FDD
__end_of_comms_send_color_info     text9        007C0
__end_of_comms_send_get_data       text19       00FBB
__end_of_comms_send_mag_info       text14       0076C
__end_of_comms_send_move           text11       0073B
__end_of_drive_signed              text3        0050B
__end_of_gpio_init                 text15       00F57
__end_of_handle_message_complete   text24       00800
__end_of_line_follow_update        text2        00260
__end_of_linefollow_init           text18       00F6E
__end_of_magnet_init               text17       00F9D
__end_of_magnetic_parse_502        text13       0046F
__end_of_main                      maintext     0066A
__end_of_movement_parse_502        text10       00397
__end_of_optical_timer2_isr        text25       007E5
__end_of_ore_process_parse_502     text8        00600
__end_of_output_servo_pulse        text6        01000
__end_of_process_byte              text23       00595
__end_of_push_byte                 text20       00F44
__end_of_solar_parse_502           text7        00707
__end_of_stockpile_init            text16       00F32
__end_of_stockpile_parse_502       text5        0079B
__end_of_task_linefollow_parse_502 text1        00F28
__initialization                   cinit        00028
__pbssBANK0                        bssBANK0     0004A
__pbssBANK1                        bssBANK1     000A0
__pbssCOMMON                       bssCOMMON    00070
__pcstackBANK0                     cstackBANK0  00020
__pcstackCOMMON                    cstackCOMMON 00075
__pdataBANK0                       dataBANK0    0005E
__pidataBANK0                      idataBANK0   00F28
__pintentry                        intentry     00004
__pmaintext                        maintext     00600
__ptext1                           text1        00F24
__ptext10                          text10       00260
__ptext11                          text11       00707
__ptext12                          text12       0066A
__ptext13                          text13       00397
__ptext14                          text14       0073B
__ptext15                          text15       00F44
__ptext16                          text16       00F2C
__ptext17                          text17       00F85
__ptext18                          text18       00F57
__ptext19                          text19       00F9D
__ptext2                           text2        00051
__ptext20                          text20       00F38
__ptext21                          text21       00FBB
__ptext23                          text23       0050B
__ptext24                          text24       007E5
__ptext25                          text25       007C0
__ptext3                           text3        0046F
__ptext4                           text4        00F6E
__ptext5                           text5        0076C
__ptext6                           text6        00FDD
__ptext7                           text7        006C6
__ptext8                           text8        00595
__ptext9                           text9        0079B
_adcL                              bssBANK0     00052
_adcM                              bssBANK0     00050
_adcR                              bssBANK0     0004E
_adc_read                          text4        00F6E
_comms_init                        text21       00FBB
_comms_new_402                     bssCOMMON    00074
_comms_new_502                     bssBANK0     0005D
_comms_payload                     bssBANK1     000A0
_comms_send_color_info             text9        0079B
_comms_send_get_data               text19       00F9D
_comms_send_mag_info               text14       0073B
_comms_send_move                   text11       00707
_drive_signed                      text3        0046F
_gpio_init                         text15       00F44
_handle_message_complete           text24       007E5
_line_follow_update                text2        00051
_linefollow_init                   text18       00F57
_magnet_init                       text17       00F85
_magnetic_parse_502                text13       00397
_main                              maintext     00600
_movement_parse_502                text10       00260
_msg_id                            bssBANK0     00058
_optical_timer2_isr                text25       007C0
_ore_process_parse_502             text8        00595
_output_servo_pulse                text6        00FDD
_payload_length                    bssBANK0     00056
_payload_received                  bssBANK0     00054
_process_byte                      text23       0050B
_push_byte                         text20       00F38
_solar_parse_502                   text7        006C6
_solar_parse_502$1180              cstackBANK0  00029
_state                             bssCOMMON    00073
_stockpile_init                    text16       00F2C
_stockpile_parse_502               text5        0076C
_task_linefollow_parse_502         text1        00F24
_tone_counter                      bssBANK0     0004A
_tone_half_period                  bssCOMMON    00070
adc_read@channel                   cstackBANK0  00022
btemp                              (abs)        0007E
btemp0                             (abs)        0007E
btemp1                             (abs)        0007F
clear_ram0                         clrtext      00F32
comms_send_color_info@color        cstackBANK0  00021
comms_send_mag_info@pyramid_num    cstackBANK0  00021
comms_send_move@dirA               cstackBANK0  00024
comms_send_move@dirB               cstackBANK0  00022
comms_send_move@speedA             cstackBANK0  00021
comms_send_move@speedB             cstackBANK0  00023
drive_signed@dirA                  cstackBANK0  0002A
drive_signed@dirB                  cstackBANK0  0002C
drive_signed@left                  cstackBANK0  00025
drive_signed@right                 cstackBANK0  00027
drive_signed@speedA                cstackBANK0  0002B
drive_signed@speedB                cstackBANK0  0002D
end_of_initialization              cinit        0004D
int$flags                          (abs)        0007E
intlevel0                          functab      00000
intlevel1                          functab      00000
intlevel2                          functab      00000
intlevel3                          functab      00000
intlevel4                          functab      00000
intlevel5                          functab      00000
line_follow_update@L               cstackBANK0  0002E
line_follow_update@M               cstackBANK0  0002F
line_follow_update@R               cstackBANK0  00030
line_follow_update@last_dir        bssBANK0     0005C
line_follow_update@pulse           bssBANK0     0005B
line_follow_update@recover_count   bssBANK0     0005A
line_follow_update@slow_cycle      cstackBANK0  00031
ltemp0a                            (abs)        00080
magnetic_parse_502@SW_A            cstackBANK0  00027
magnetic_parse_502@SW_B            cstackBANK0  00029
magnetic_parse_502@flag            cstackBANK0  0002B
magnetic_parse_502@pyramid_num     cstackBANK0  0002D
magnetic_parse_502@pyramid_num_raw cstackBANK0  0002E
main@SW_A                          cstackBANK0  00046
main@SW_B                          cstackBANK0  00048
movement_parse_502@Raw_X_Axis      cstackBANK0  0002D
movement_parse_502@Raw_Y_Axis      cstackBANK0  0002F
movement_parse_502@X_Centered      cstackBANK0  00039
movement_parse_502@Y_Centered      cstackBANK0  0003B
movement_parse_502@dirA            cstackBANK0  00031
movement_parse_502@dirB            cstackBANK0  00033
movement_parse_502@left            cstackBANK0  0003D
movement_parse_502@right           cstackBANK0  0003F
movement_parse_502@speedA          cstackBANK0  00032
movement_parse_502@speedB          cstackBANK0  00034
movement_parse_502@steering        cstackBANK0  00037
movement_parse_502@throttle        cstackBANK0  00035
optical_parse_502@last_colour      bssCOMMON    00072
ore_process_parse_502@SW1          cstackBANK0  00027
ore_process_parse_502@SW4          cstackBANK0  00029
ore_process_parse_502@color        cstackBANK0  0002B
ore_process_parse_502@color_raw    cstackBANK0  0002C
output_servo_pulse@flap_up         cstackBANK0  00021
process_byte@byte                  cstackCOMMON 00078
push_byte@byte                     cstackBANK0  00020
reset_vec                          reset_vec    00000
solar_parse_502@SW1                cstackBANK0  00025
solar_parse_502@SW2                cstackBANK0  00027
start                              init         00026
start_initialization               cinit        00028
stockpile_parse_502@raw            cstackBANK0  00027
ttemp0a                            (abs)        0007F
wtemp0                             (abs)        0007E
wtemp0a                            (abs)        0007F


MODULE INFORMATION

Module		Function		Class		Link	Load	Size
/Users/kabillamond/Library/CloudStorage/OneDrive-UniversityofNewBrunswick/Winter 26/Embeded (ECE-3232)/BIGGER_DAWG_ROVER/movement.c
		_movement_parse_502		CODE           	0260	0000	311

/Users/kabillamond/Library/CloudStorage/OneDrive-UniversityofNewBrunswick/Winter 26/Embeded (ECE-3232)/BIGGER_DAWG_ROVER/movement.c estimated size: 311

/Applications/microchip/xc8/v3.10/pic/sources/c99/common/awdiv.c
		___awdiv       		CODE           	066A	0000	92

/Applications/microchip/xc8/v3.10/pic/sources/c99/common/awdiv.c estimated size: 92

/Users/kabillamond/Library/CloudStorage/OneDrive-UniversityofNewBrunswick/Winter 26/Embeded (ECE-3232)/BIGGER_DAWG_ROVER/comms.c
		_process_byte  		CODE           	050B	0000	138
		_ISR           		CODE           	0004	0000	34
		_comms_send_color_info		CODE           	079B	0000	37
		_comms_init    		CODE           	0FBB	0000	34
		_comms_send_mag_info		CODE           	073B	0000	49
		_comms_send_move		CODE           	0707	0000	52
		_handle_message_complete		CODE           	07E5	0000	27
		_comms_send_get_data		CODE           	0F9D	0000	30
		_push_byte     		CODE           	0F38	0000	12

/Users/kabillamond/Library/CloudStorage/OneDrive-UniversityofNewBrunswick/Winter 26/Embeded (ECE-3232)/BIGGER_DAWG_ROVER/comms.c estimated size: 413

/Users/kabillamond/Library/CloudStorage/OneDrive-UniversityofNewBrunswick/Winter 26/Embeded (ECE-3232)/BIGGER_DAWG_ROVER/task_optical.c
		_optical_timer2_isr		CODE           	07C0	0000	37

/Users/kabillamond/Library/CloudStorage/OneDrive-UniversityofNewBrunswick/Winter 26/Embeded (ECE-3232)/BIGGER_DAWG_ROVER/task_optical.c estimated size: 37

shared
		__initialization		CODE           	0028	0000	37

shared estimated size: 37

/Users/kabillamond/Library/CloudStorage/OneDrive-UniversityofNewBrunswick/Winter 26/Embeded (ECE-3232)/BIGGER_DAWG_ROVER/task_magnetic.c
		_magnetic_parse_502		CODE           	0397	0000	216
		_magnet_init   		CODE           	0F85	0000	24

/Users/kabillamond/Library/CloudStorage/OneDrive-UniversityofNewBrunswick/Winter 26/Embeded (ECE-3232)/BIGGER_DAWG_ROVER/task_magnetic.c estimated size: 240

/Users/kabillamond/Library/CloudStorage/OneDrive-UniversityofNewBrunswick/Winter 26/Embeded (ECE-3232)/BIGGER_DAWG_ROVER/ore_stockpile.c
		_stockpile_parse_502		CODE           	076C	0000	47
		_output_servo_pulse		CODE           	0FDD	0000	35
		_stockpile_init		CODE           	0F2C	0000	6

/Users/kabillamond/Library/CloudStorage/OneDrive-UniversityofNewBrunswick/Winter 26/Embeded (ECE-3232)/BIGGER_DAWG_ROVER/ore_stockpile.c estimated size: 88

/Users/kabillamond/Library/CloudStorage/OneDrive-UniversityofNewBrunswick/Winter 26/Embeded (ECE-3232)/BIGGER_DAWG_ROVER/ore_process.c
		_ore_process_parse_502		CODE           	0595	0000	107

/Users/kabillamond/Library/CloudStorage/OneDrive-UniversityofNewBrunswick/Winter 26/Embeded (ECE-3232)/BIGGER_DAWG_ROVER/ore_process.c estimated size: 107

/Users/kabillamond/Library/CloudStorage/OneDrive-UniversityofNewBrunswick/Winter 26/Embeded (ECE-3232)/BIGGER_DAWG_ROVER/task_linefollow.c
		_line_follow_update		CODE           	0051	0000	527
		_drive_signed  		CODE           	046F	0000	156
		_linefollow_init		CODE           	0F57	0000	23
		_adc_read      		CODE           	0F6E	0000	23
		_task_linefollow_parse_502		CODE           	0F24	0000	4

/Users/kabillamond/Library/CloudStorage/OneDrive-UniversityofNewBrunswick/Winter 26/Embeded (ECE-3232)/BIGGER_DAWG_ROVER/task_linefollow.c estimated size: 733

/Users/kabillamond/Library/CloudStorage/OneDrive-UniversityofNewBrunswick/Winter 26/Embeded (ECE-3232)/BIGGER_DAWG_ROVER/task_solar.c
		_solar_parse_502		CODE           	06C6	0000	65

/Users/kabillamond/Library/CloudStorage/OneDrive-UniversityofNewBrunswick/Winter 26/Embeded (ECE-3232)/BIGGER_DAWG_ROVER/task_solar.c estimated size: 65

/Users/kabillamond/Library/CloudStorage/OneDrive-UniversityofNewBrunswick/Winter 26/Embeded (ECE-3232)/BIGGER_DAWG_ROVER/main.c
		_main          		CODE           	0600	0000	106
		_gpio_init     		CODE           	0F44	0000	19

/Users/kabillamond/Library/CloudStorage/OneDrive-UniversityofNewBrunswick/Winter 26/Embeded (ECE-3232)/BIGGER_DAWG_ROVER/main.c estimated size: 125

